// Jest Snapshot v1, https://goo.gl/fbAQLP

exports[`renders Article html 1`] = `
<div>
  <img
    alt="Benzema"
    src="https://i0.wp.com/observalgerie.com/wp-content/uploads/2018/05/2170922-45375850-2560-1440.jpg?fit=1050%2C590&ssl=1"
  />
  <h3>
    Benzema
  </h3>
  <p>
    150000000
     â‚¬
  </p>
</div>
`;
